// Jest Snapshot v1, https://goo.gl/fbAQLP

exports[`render NotFound snapshot should be successful 1`] = `undefined`;
